// Jest Snapshot v1, https://goo.gl/fbAQLP

exports[`matches snapshot 1`] = `
<DocumentFragment>
  <div
    class="my-5 container-fluid"
  >
    <div
      class="row"
    >
      <div
        class="px-4 col-lg-3 col-12"
      >
        <div
          class="list-group list-group-flush"
        />
      </div>
      <div
        class="border-left border-right px-4 col-lg-6 col-12"
      />
      <div
        class="px-4 col-lg-3 col-12"
      >
        <div
          class="list-group list-group-flush"
        />
      </div>
    </div>
  </div>
</DocumentFragment>
`;
